eeschema (2011-nov-30)-testing  >> Creation date: Sun 05 Feb 2012 10:59:58 PM EST

#Cmp ( order = Reference )
| C1         100nF       
| C2         100nF       
| C3         100nF       
| C4         4.7uF       
| C5         10nF        
| C6         18pF        
| C7         18pF        
| CONN1      Conn1       
| D1         LED         
| D2         LED         
| L1         INDUCTOR    
| P1         CONN_12X2   
| P2         CONN_6      
| R1         10k         
| R2         1k          
| R3         1k          
| R4         1k          
| R5         1k          
| R6         1k          
| R7         1k          
| R8         1k          
| R9         1k          
| R10        1k          
| R11        1k          
| R12        1k          
| R13        1k          
| R14        1k          
| R15        1k          
| R16        1k          
| R17        1k          
| R18        270         
| R19        270         
| SW1        SW_PUSH     
| U2         FT232RL     
| U3         PIC18F4520  
| X1         CRYSTAL     
#End Cmp

#Cmp ( order = Value )
| 100nF        C1        
| 100nF        C2        
| 100nF        C3        
| 10k          R1        
| 10nF         C5        
| 18pF         C6        
| 18pF         C7        
| 1k           R2        
| 1k           R3        
| 1k           R4        
| 1k           R5        
| 1k           R6        
| 1k           R7        
| 1k           R8        
| 1k           R9        
| 1k           R10       
| 1k           R11       
| 1k           R12       
| 1k           R13       
| 1k           R14       
| 1k           R15       
| 1k           R16       
| 1k           R17       
| 270          R18       
| 270          R19       
| 4.7uF        C4        
| Conn1        CONN1     
| CONN_12X2    P1        
| CONN_6       P2        
| CRYSTAL      X1        
| FT232RL      U2        
| INDUCTOR     L1        
| LED          D1        
| LED          D2        
| PIC18F4520   U3        
| SW_PUSH      SW1       
#End Cmp

#End List
